[*] Sigma Morpho started
[*] Target: http://127.0.0.1:8080/
[*] Client profile: api-diagnostic
[*] Workload: 10 seed paths x 1 rounds, workers: 3, recursion depth: 0
[*] Soft-404 baseline: status=404 bytes=9 fingerprint=4416902682472380750
[FINDING] status=403 bytes=9 latency=0ms path=/admin
[FINDING] status=200 bytes=16 latency=0ms path=/api
[FINDING] status=200 bytes=16 latency=0ms path=/public
[FINDING] status=200 bytes=16 latency=0ms path=/api-docs
[FINDING] status=429 bytes=20 latency=0ms path=/hidden
[NEURO] profile=cautious status=429 latency=0ms -> delay=275ms
[FINDING] status=429 bytes=20 latency=0ms path=/hidden-dir
[NEURO] profile=cautious status=429 latency=0ms -> delay=300ms
[FINDING] status=429 bytes=20 latency=0ms path=/admin-panel
[FINDING] status=429 bytes=20 latency=0ms path=/public-status
[FINDING] status=429 bytes=20 latency=1ms path=/missing-two
[PROGRESS] processed=10/10 (100.00%) delay=300ms profile=defensive

===== Sigma Morpho Summary =====
Elapsed: 741.84ms
Client profile: api-diagnostic
Speed mode: safe
Simulation mode: false
Findings file: /home/warmond/AI-Research/Sigma-Morpho/runs/2026-04-11_15-08-28_127.0.0.1_8080/findings.txt
Recursion depth: 0
Soft-404 filter active: true
Total requests: 10
Discovered jobs: 10
2xx: 3
3xx: 0
4xx: 7
404s: 1
Protective block signals (403/429/503): 6
5xx: 0
Transport errors: 0
Avg latency: 0.10 ms
Min latency: 0 ms
Max latency: 1 ms
Total body bytes: 166
Final adaptive delay: 300 ms
Final adaptive profile: defensive
Neuro decisions: 10
Throttle increases: 2
Throttle decreases: 5
Cautious entries: 1
Defensive entries: 1
Baseline recoveries: 0
Latency burst events: 0
Block burst events: 3
404 burst events: 0
Logged findings: 9
Suppressed soft-404 matches: 0
Client rebuilds: 0
Simulated action events: 0
Simulated rotate advisories: 0
Simulated circuit advisories: 0
200 hits:
  - /api
  - /public
  - /api-docs

