[*] Sigma Morpho started
[*] Target: http://10.129.70.246/
[*] Client profile: research-default
[*] Workload: 6 seed paths x 1 rounds, workers: 12, recursion depth: 0
[*] Soft-404 baseline: status=404 bytes=275 fingerprint=13195598013690268970
[FINDING] status=301 bytes=315 latency=177ms path=/themes
[FINDING] status=403 bytes=278 latency=255ms path=/server-status
[FINDING] status=301 bytes=311 latency=256ms path=/js
[FINDING] status=301 bytes=316 latency=258ms path=/cdn-cgi
[FINDING] status=301 bytes=315 latency=258ms path=/images
[FINDING] status=301 bytes=314 latency=269ms path=/fonts
[PROGRESS] processed=6/6 (100.00%) delay=0ms profile=baseline

===== Sigma Morpho Summary =====
Elapsed: 570.09ms
Client profile: research-default
Speed mode: aggressive
Simulation mode: true
Findings file: runs/2026-04-11_12-30-19_sigma-vs-gobuster_10.129.70.246/sigma_flat_findings.txt
Recursion depth: 0
Soft-404 filter active: true
Total requests: 6
Discovered jobs: 6
2xx: 0
3xx: 5
4xx: 1
404s: 0
Protective block signals (403/429/503): 1
5xx: 0
Transport errors: 0
Avg latency: 245.50 ms
Min latency: 177 ms
Max latency: 269 ms
Total body bytes: 1849
Final adaptive delay: 0 ms
Final adaptive profile: baseline
Neuro decisions: 6
Throttle increases: 0
Throttle decreases: 0
Cautious entries: 0
Defensive entries: 0
Baseline recoveries: 0
Latency burst events: 0
Block burst events: 0
404 burst events: 0
Logged findings: 6
Suppressed soft-404 matches: 0
Simulated rotate advisories: 0
Simulated circuit advisories: 0

