   Compiling crc32fast v1.5.0
   Compiling alloc-no-stdlib v2.0.4
   Compiling simd-adler32 v0.3.9
   Compiling adler2 v2.0.1
   Compiling memchr v2.8.0
   Compiling serde v1.0.228
   Compiling alloc-stdlib v0.2.2
   Compiling miniz_oxide v0.8.9
   Compiling brotli-decompressor v5.0.0
   Compiling serde_derive v1.0.228
   Compiling compression-core v0.4.31
   Compiling zmij v1.0.21
   Compiling flate2 v1.1.9
   Compiling serde_json v1.0.149
   Compiling brotli v8.0.2
   Compiling serde_urlencoded v0.7.1
   Compiling compression-codecs v0.4.37
   Compiling async-compression v0.4.41
   Compiling reqwest v0.11.27
   Compiling sigma_morpho v0.1.0 (/home/warmond/AI-Research/Sigma-Morpho)
    Finished `release` profile [optimized] target(s) in 34.31s
