[*] Sigma Morpho started
[*] Target: http://127.0.0.1:8080/
[*] Client profile: research-default
[*] Workload: 20 seed paths x 1 rounds, workers: 12, recursion depth: 0
[*] Soft-404 baseline: status=404 bytes=9 fingerprint=4416902682472380750
[FINDING] status=403 bytes=9 latency=1ms path=/hidden-dir
[FINDING] status=403 bytes=9 latency=6ms path=/hidden
[NEURO] profile=cautious status=403 latency=6ms -> delay=250ms
[FINDING] status=200 bytes=16 latency=6ms path=/public-assets
[FINDING] status=200 bytes=16 latency=7ms path=/api
[FINDING] status=429 bytes=20 latency=7ms path=/admin-panel
[FINDING] status=429 bytes=20 latency=5ms path=/admin-console
[FINDING] status=429 bytes=20 latency=1ms path=/hidden-admin
[FINDING] status=429 bytes=20 latency=1ms path=/missing-three
[FINDING] status=429 bytes=20 latency=206ms path=/public
[FINDING] status=429 bytes=20 latency=2ms path=/api-health
[FINDING] status=429 bytes=20 latency=2ms path=/hidden-secret
[FINDING] status=429 bytes=20 latency=2ms path=/missing-four
[FINDING] status=429 bytes=20 latency=2ms path=/admin-root
[FINDING] status=429 bytes=20 latency=2ms path=/public-status
[FINDING] status=200 bytes=16 latency=1015ms path=/api-docs
[FINDING] status=200 bytes=16 latency=1015ms path=/public-api
[FINDING] status=200 bytes=16 latency=1016ms path=/api-v2
[FINDING] status=403 bytes=9 latency=1016ms path=/admin
[PROGRESS] processed=20/20 (100.00%) delay=250ms profile=defensive

===== Sigma Morpho Summary =====
Elapsed: 1.02s
Client profile: research-default
Speed mode: balanced
Simulation mode: false
Findings file: runs/2026-04-11_14-13-41_local-python-server/findings.txt
Recursion depth: 0
Soft-404 filter active: true
Total requests: 20
Discovered jobs: 20
2xx: 5
3xx: 0
4xx: 15
404s: 2
Protective block signals (403/429/503): 13
5xx: 0
Transport errors: 0
Avg latency: 266.65 ms
Min latency: 1 ms
Max latency: 1016 ms
Total body bytes: 325
Final adaptive delay: 250 ms
Final adaptive profile: defensive
Neuro decisions: 20
Throttle increases: 2
Throttle decreases: 0
Cautious entries: 2
Defensive entries: 2
Baseline recoveries: 0
Latency burst events: 5
Block burst events: 13
404 burst events: 0
Logged findings: 18
Suppressed soft-404 matches: 0
Client rebuilds: 0
Simulated action events: 0
Simulated rotate advisories: 0
Simulated circuit advisories: 0
200 hits:
  - /api
  - /api-v2
  - /public-assets
  - /api-docs
  - /public-api

