[*] Sigma Morpho started
[*] Target: http://10.129.95.191/
[*] Client profile: research-default
[*] Workload: 220544 seed paths x 1 rounds, workers: 70, recursion depth: 1
[*] Soft-404 baseline: status=404 bytes=275 fingerprint=7363927052688478156
[RECURSE] base=/themes depth=0 added_children=220544
[FINDING] status=301 bytes=315 latency=71ms path=/themes
[RECURSE] base=/uploads depth=0 added_children=220544
[FINDING] status=301 bytes=316 latency=102ms path=/uploads
[RECURSE] base=/images depth=0 added_children=220544
[FINDING] status=301 bytes=315 latency=3480ms path=/images
[NEURO] profile=defensive status=0 latency=5000ms -> delay=200ms
[NEURO] profile=cautious status=0 latency=5001ms -> delay=200ms
[NEURO] profile=defensive status=0 latency=5001ms -> delay=200ms
[NEURO] profile=defensive status=0 latency=5001ms -> delay=200ms
[NEURO] profile=defensive status=0 latency=5001ms -> delay=200ms
[NEURO] profile=defensive status=0 latency=5001ms -> delay=200ms
[NEURO] profile=defensive status=0 latency=5001ms -> delay=200ms
[NEURO] profile=defensive status=0 latency=5001ms -> delay=200ms
[NEURO] profile=defensive status=0 latency=5001ms -> delay=200ms
[NEURO] profile=defensive status=0 latency=5001ms -> delay=200ms
[NEURO] profile=defensive status=0 latency=5001ms -> delay=200ms
[NEURO] profile=defensive status=0 latency=5001ms -> delay=200ms
[NEURO] profile=defensive status=0 latency=5001ms -> delay=200ms
[NEURO] profile=defensive status=0 latency=5001ms -> delay=200ms
[NEURO] profile=defensive status=0 latency=5001ms -> delay=200ms
[NEURO] profile=defensive status=0 latency=5001ms -> delay=200ms
[NEURO] profile=defensive status=0 latency=5001ms -> delay=200ms
[NEURO] profile=defensive status=0 latency=5001ms -> delay=200ms
[NEURO] profile=defensive status=0 latency=5001ms -> delay=200ms
[NEURO] profile=defensive status=0 latency=5001ms -> delay=200ms
[NEURO] profile=defensive status=0 latency=5001ms -> delay=200ms
[NEURO] profile=defensive status=0 latency=5001ms -> delay=200ms
[NEURO] profile=defensive status=0 latency=5001ms -> delay=200ms
[NEURO] profile=defensive status=0 latency=5001ms -> delay=200ms
[NEURO] profile=defensive status=0 latency=5001ms -> delay=200ms
[NEURO] profile=defensive status=0 latency=5001ms -> delay=200ms
[NEURO] profile=defensive status=0 latency=5001ms -> delay=200ms
[NEURO] profile=defensive status=0 latency=5001ms -> delay=200ms
[NEURO] profile=defensive status=0 latency=5001ms -> delay=200ms
[NEURO] profile=defensive status=0 latency=5001ms -> delay=200ms
[RECURSE] base=/css depth=0 added_children=220544
[FINDING] status=301 bytes=312 latency=116ms path=/css
[RECURSE] base=/js depth=0 added_children=220544
[FINDING] status=301 bytes=311 latency=117ms path=/js
[PROGRESS] processed=1000/1323264 (0.08%) delay=200ms profile=cautious
[PROGRESS] processed=2000/1323264 (0.15%) delay=200ms profile=cautious
[RECURSE] base=/fonts depth=0 added_children=220544
[FINDING] status=301 bytes=314 latency=93ms path=/fonts
[PROGRESS] processed=3000/1543808 (0.19%) delay=200ms profile=cautious
[PROGRESS] processed=4000/1543808 (0.26%) delay=200ms profile=cautious
[PROGRESS] processed=5000/1543808 (0.32%) delay=200ms profile=cautious
[PROGRESS] processed=6000/1543808 (0.39%) delay=200ms profile=defensive
[PROGRESS] processed=7000/1543808 (0.45%) delay=200ms profile=cautious
[PROGRESS] processed=8000/1543808 (0.52%) delay=200ms profile=defensive
[NEURO] profile=defensive status=0 latency=96ms -> delay=200ms
[PROGRESS] processed=9000/1543808 (0.58%) delay=200ms profile=defensive
[PROGRESS] processed=10000/1543808 (0.65%) delay=200ms profile=cautious
[PROGRESS] processed=11000/1543808 (0.71%) delay=200ms profile=defensive
[PROGRESS] processed=12000/1543808 (0.78%) delay=200ms profile=cautious
[PROGRESS] processed=13000/1543808 (0.84%) delay=200ms profile=defensive
[PROGRESS] processed=14000/1543808 (0.91%) delay=200ms profile=cautious
[PROGRESS] processed=15000/1543808 (0.97%) delay=200ms profile=cautious
[PROGRESS] processed=16000/1543808 (1.04%) delay=200ms profile=cautious
[NEURO] profile=cautious status=0 latency=21ms -> delay=200ms
[NEURO] profile=defensive status=0 latency=19ms -> delay=200ms
[PROGRESS] processed=17000/1543808 (1.10%) delay=200ms profile=cautious
[PROGRESS] processed=18000/1543808 (1.17%) delay=200ms profile=cautious
[PROGRESS] processed=19000/1543808 (1.23%) delay=200ms profile=cautious
[PROGRESS] processed=20000/1543808 (1.30%) delay=200ms profile=cautious
[PROGRESS] processed=21000/1543808 (1.36%) delay=200ms profile=cautious
[PROGRESS] processed=22000/1543808 (1.43%) delay=200ms profile=cautious
[PROGRESS] processed=23000/1543808 (1.49%) delay=200ms profile=cautious
[PROGRESS] processed=24000/1543808 (1.55%) delay=200ms profile=defensive
[PROGRESS] processed=25000/1543808 (1.62%) delay=200ms profile=cautious
[PROGRESS] processed=26000/1543808 (1.68%) delay=200ms profile=cautious
[PROGRESS] processed=27000/1543808 (1.75%) delay=200ms profile=cautious
[PROGRESS] processed=28000/1543808 (1.81%) delay=200ms profile=cautious
[PROGRESS] processed=29000/1543808 (1.88%) delay=200ms profile=cautious
[PROGRESS] processed=30000/1543808 (1.94%) delay=200ms profile=cautious
[PROGRESS] processed=31000/1543808 (2.01%) delay=200ms profile=cautious
[PROGRESS] processed=32000/1543808 (2.07%) delay=200ms profile=cautious
[PROGRESS] processed=33000/1543808 (2.14%) delay=200ms profile=cautious
[PROGRESS] processed=34000/1543808 (2.20%) delay=200ms profile=defensive
[PROGRESS] processed=35000/1543808 (2.27%) delay=200ms profile=cautious
[PROGRESS] processed=36000/1543808 (2.33%) delay=200ms profile=defensive
[PROGRESS] processed=37000/1543808 (2.40%) delay=200ms profile=cautious
[PROGRESS] processed=38000/1543808 (2.46%) delay=200ms profile=defensive
[PROGRESS] processed=39000/1543808 (2.53%) delay=200ms profile=cautious
[PROGRESS] processed=40000/1543808 (2.59%) delay=200ms profile=defensive
[PROGRESS] processed=41000/1543808 (2.66%) delay=200ms profile=cautious
[NEURO] profile=cautious status=0 latency=33ms -> delay=200ms
[NEURO] profile=defensive status=0 latency=30ms -> delay=200ms
[PROGRESS] processed=42000/1543808 (2.72%) delay=200ms profile=cautious
[PROGRESS] processed=43000/1543808 (2.79%) delay=200ms profile=cautious
[PROGRESS] processed=44000/1543808 (2.85%) delay=200ms profile=cautious
[PROGRESS] processed=45000/1543808 (2.91%) delay=200ms profile=defensive
[PROGRESS] processed=46000/1543808 (2.98%) delay=200ms profile=cautious
[PROGRESS] processed=47000/1543808 (3.04%) delay=200ms profile=defensive
[PROGRESS] processed=48000/1543808 (3.11%) delay=200ms profile=cautious
[PROGRESS] processed=49000/1543808 (3.17%) delay=200ms profile=defensive
[PROGRESS] processed=50000/1543808 (3.24%) delay=200ms profile=cautious
