[*] Sigma Morpho started
[*] Target: http://10.129.70.246/
[*] Client profile: research-default
[*] Workload: 6 seed paths x 1 rounds, workers: 12, recursion depth: 1
[*] Soft-404 baseline: status=404 bytes=275 fingerprint=13195598013690268970
[RECURSE] base=/server-status depth=0 added_children=6
[FINDING] status=403 bytes=278 latency=199ms path=/server-status
[RECURSE] base=/themes depth=0 added_children=6
[FINDING] status=301 bytes=315 latency=267ms path=/themes
[RECURSE] base=/js depth=0 added_children=6
[RECURSE] base=/images depth=0 added_children=6
[FINDING] status=301 bytes=311 latency=267ms path=/js
[FINDING] status=301 bytes=315 latency=267ms path=/images
[RECURSE] base=/fonts depth=0 added_children=6
[RECURSE] base=/cdn-cgi depth=0 added_children=6
[FINDING] status=301 bytes=314 latency=280ms path=/fonts
[FINDING] status=301 bytes=316 latency=280ms path=/cdn-cgi
[FINDING] status=403 bytes=278 latency=148ms path=/server-status/js
[NEURO] profile=cautious status=403 latency=148ms -> delay=50ms
[FINDING] status=403 bytes=278 latency=175ms path=/server-status/server-status
[NEURO] profile=cautious status=403 latency=175ms -> delay=50ms
[SIMULATION] action=rotate-user-agent-advisory profile=defensive status=403 latency=176ms path=/server-status/fonts
[FINDING] status=403 bytes=278 latency=176ms path=/server-status/fonts
[NEURO] profile=defensive status=403 latency=176ms -> delay=50ms
[FINDING] status=403 bytes=278 latency=177ms path=/server-status/images
[NEURO] profile=defensive status=403 latency=177ms -> delay=50ms
[FINDING] status=403 bytes=278 latency=195ms path=/server-status/themes
[NEURO] profile=defensive status=403 latency=195ms -> delay=50ms
[FINDING] status=403 bytes=278 latency=195ms path=/server-status/cdn-cgi
[NEURO] profile=defensive status=403 latency=195ms -> delay=50ms
[PROGRESS] processed=42/42 (100.00%) delay=50ms profile=defensive

===== Sigma Morpho Summary =====
Elapsed: 3.08s
Client profile: research-default
Speed mode: aggressive
Simulation mode: true
Findings file: runs/2026-04-11_12-52-20_quick-recursive-repeat_10.129.70.246/findings.txt
Recursion depth: 1
Soft-404 filter active: true
Total requests: 42
Discovered jobs: 42
2xx: 0
3xx: 5
4xx: 37
404s: 30
Protective block signals (403/429/503): 7
5xx: 0
Transport errors: 0
Avg latency: 318.17 ms
Min latency: 60 ms
Max latency: 2345 ms
Total body bytes: 11767
Final adaptive delay: 50 ms
Final adaptive profile: defensive
Neuro decisions: 42
Throttle increases: 36
Throttle decreases: 0
Cautious entries: 4
Defensive entries: 4
Baseline recoveries: 0
Latency burst events: 4
Block burst events: 7
404 burst events: 0
Logged findings: 12
Suppressed soft-404 matches: 0
Client rebuilds: 0
Simulated action events: 1
Simulated rotate advisories: 1
Simulated circuit advisories: 0
Simulation notes:
  - [SIMULATION] rotate-user-agent-advisory profile=defensive status=403 latency=176ms path=/server-status/fonts

